001000 012700
MOV #12345 R0
001004 012701
MOV #345 R1
001010 060001
ADD R0 R1
001012 012702
MOV #100 R2
001016 062712
ADD #400 (R2)
001022 011205
MOV (R2) R5
001024 000000
HALT
R0:12345 R1:12712 R2:100 R3:0 R4:0 R5:166032 R6:0 R7:1026
