001000 012700
MOV #2 R0
001004 012701
MOV #3 R1
001010 060001
ADD R0 R1
001012 000000
HALT
R0:2 R1:5 R2:0 R3:0 R4:0 R5:0 R6:0 R7:1014
