001000 012700
MOV #2 R0
001004 012701
MOV #3 R1
001010 060001
ADD R0 R1
001012 012702
MOV #100 R2
001016 062712
ADD #1 (R2)
001022 011205
MOV (R2) R5
001024 000000
HALT
R0:2 R1:5 R2:100 R3:0 R4:0 R5:6 R6:0 R7:1026
