001000: MOV #3 R0
001004: MOV #177776 R1
001010: ADD R0 R1
001012: HALT
R0:3 R1:1 R2:0 R3:0 R4:0 R5:0 R6:0 R7:1014
Z:0 N:0 C:0
