001000 012701
MOV #4 R1
001004 012702
MOV #100 R2
001010 005000
CLR R0
001012 112203
MOV (R2)+ R3
001014 060300
ADD R3 R0
001016 077103
SOB R1 001004
001012 112203
MOV (R2)+ R3
001014 060300
ADD R3 R0
001016 077103
SOB R1 001004
001012 112203
MOV (R2)+ R3
001014 060300
ADD R3 R0
001016 077103
SOB R1 001004
001012 112203
MOV (R2)+ R3
001014 060300
ADD R3 R0
001016 077103
SOB R1 001012
001020 000000
HALT
R0:133 R1:0 R2:104 R3:66 R4:0 R5:0 R6:0 R7:1022
