001000: MOV (R7)+ R1
001004: MOV (R7)+ R2
001010: CLR R0
001012: MOV (R2)+ R3
001014: ADD R3 R0
001016: SOB R1 goto 001012
001012: MOV (R2)+ R3
001014: ADD R3 R0
001016: SOB R1 goto 001012
001012: MOV (R2)+ R3
001014: ADD R3 R0
001016: SOB R1 goto 001012
001012: MOV (R2)+ R3
001014: ADD R3 R0
001016: SOB R1 goto 001020
001020: HALT
R0:133 R1:0 R2:110 R3:66 R4:0 R5:0 R6:0 R7:1022
Z:0 N:0 C:0