001000: MOV (R7)+ R2
001004: CLR R0
001006: MOVb (R2)+ R3
001010: BEQ goto 001012
001012: ADD R3 R0
001014: BR goto 001006
001006: MOVb (R2)+ R3
001010: BEQ goto 001012
001012: ADD R3 R0
001014: BR goto 001006
001006: MOVb (R2)+ R3
001010: BEQ goto 001012
001012: ADD R3 R0
001014: BR goto 001006
001006: MOVb (R2)+ R3
001010: BEQ goto 001012
001012: ADD R3 R0
001014: BR goto 001006
001006: MOVb (R2)+ R3
001010: BEQ goto 001016
001016: HALT
R0:133 R1:0 R2:105 R3:0 R4:0 R5:0 R6:0 R7:1020
Z:1 N:0 C:0
