001000 012702
MOV #100 R2
001004 005000
CLR R0
001006 012203
MOV (R2)+ R3
001010 001402
BEQ 001012
001012 060300
ADD R3 R0
001014 000774
BR 001006
001006 012203
MOV (R2)+ R3
001010 001402
BEQ 001012
001012 060300
ADD R3 R0
001014 000774
BR 001006
001006 012203
MOV (R2)+ R3
001010 001402
BEQ 001012
001012 060300
ADD R3 R0
001014 000774
BR 001006
001006 012203
MOV (R2)+ R3
001010 001402
BEQ 001012
001012 060300
ADD R3 R0
001014 000774
BR 001006
001006 012203
MOV (R2)+ R3
001010 001402
BEQ 001016
001016 000000
HALT
R0:133 R1:0 R2:112 R3:0 R4:0 R5:0 R6:0 R7:1020
