001000: MOV #52 R0
001004: TESTb @#100375 Z:0 N:1
001010: BPL 001012
001012: MOVb R0 @#177566
001016: HALT
R0:52 R1:0 R2:0 R3:0 R4:0 R5:0 R6:0 R7:1020
Z:0 N:0 C:0
