001000: MOV (R7)+ R6
001004: MOV (R7)+ R2
001010: CLR R0
001012: MOV (R7)+ R5
001016: CLR R4
001020: JSR 2(R7) proc 001026 ret 000021
001026: ADD R5 R4
001030: MOV (R2)+ R3
001032: BEQ goto 001034
001034: ADD R3 R0
001036: JSR -12(R7) proc 001026 ret 001024
001026: ADD R5 R4
001030: MOV (R2)+ R3
001032: BEQ goto 001034
001034: ADD R3 R0
001036: JSR -12(R7) proc 001026 ret 001042
001026: ADD R5 R4
001030: MOV (R2)+ R3
001032: BEQ goto 001034
001034: ADD R3 R0
001036: JSR -12(R7) proc 001026 ret 001042
001026: ADD R5 R4
001030: MOV (R2)+ R3
001032: BEQ goto 001034
001034: ADD R3 R0
001036: JSR -12(R7) proc 001026 ret 001042
001026: ADD R5 R4
001030: MOV (R2)+ R3
001032: BEQ goto 001042
001042: RTS R5 001042
001042: RTS R5 001042
001042: RTS R5 001042
001042: RTS R5 001042
001042: RTS R5 001024
001024: HALT
R0:133 R1:0 R2:112 R3:0 R4:5234 R5:21 R6:1000 R7:1026
Z:1 N:0 C:0
