001000: MOV (R7)+ R6
001004: MOV (R7)+ R2
001010: CLR R0
001012: JSR 2(R7) proc 001020 ret 001016
001020: MOV (R2)+ R3
001022: BEQ goto 001024
001024: ADD R3 R0
001026: JSR -10(R7) proc 001020 ret 001032
001020: MOV (R2)+ R3
001022: BEQ goto 001024
001024: ADD R3 R0
001026: JSR -10(R7) proc 001020 ret 001032
001020: MOV (R2)+ R3
001022: BEQ goto 001024
001024: ADD R3 R0
001026: JSR -10(R7) proc 001020 ret 001032
001020: MOV (R2)+ R3
001022: BEQ goto 001024
001024: ADD R3 R0
001026: JSR -10(R7) proc 001020 ret 001032
001020: MOV (R2)+ R3
001022: BEQ goto 001032
001032: RTS R7 001032
001032: RTS R7 001032
001032: RTS R7 001032
001032: RTS R7 001032
001032: RTS R7 001016
001016: HALT
R0:133 R1:0 R2:112 R3:0 R4:0 R5:0 R6:1000 R7:1020
Z:1 N:0 C:0
